33/64
0:	0x61, 8, 1, 0, 0
1:	0x61, 9, 1, 4, 0
2:	0xb7, 0, 0, 0, 1
3:	0xbf, 2, 8, 0, 0
4:	0x07, 2, 0, 0, 14
5:	0x2d, 2, 9, 26, 0
6:	0x69, 0, 8, 12, 0
7:	0xbf, 7, 0, 0, 0
8:	0xb7, 0, 0, 0, 2048
9:	0x1d, 7, 0, 4, 0
10:	0xb7, 0, 0, 0, 2054
11:	0x1d, 7, 0, 17, 0
12:	0xb7, 0, 0, 0, 1
13:	0x05, 0, 0, 18, 0
14:	0xbf, 2, 8, 0, 0
15:	0x07, 2, 0, 0, 24
16:	0x2d, 2, 9, 15, 0
17:	0x05, 0, 0, 14, 0
18:	0x71, 0, 8, 23, 0
19:	0xbf, 7, 0, 0, 0
20:	0xb7, 0, 0, 0, 6
21:	0x1d, 7, 0, 4, 0
22:	0xb7, 0, 0, 0, 23
23:	0x1d, 7, 0, 4, 0
24:	0xb7, 0, 0, 0, 1
25:	0x05, 0, 0, 6, 0
26:	0xb7, 0, 0, 0, 57005
27:	0x05, 0, 0, 4, 0
28:	0xb7, 0, 0, 0, 48815
29:	0xb7, 0, 0, 0, 2
30:	0x05, 0, 0, 1, 0
31:	0x05, 0, 0, 0, 0
32:	0x95, 0, 0, 0, 0
