20/64
0:	0x61, 8, 1, 0, 0
1:	0x61, 9, 1, 4, 0
2:	0xb7, 0, 0, 0, 1
3:	0xbf, 2, 8, 0, 0
4:	0x07, 2, 0, 0, 24
5:	0x2d, 2, 9, 13, 0
6:	0x71, 0, 8, 23, 0
7:	0xbf, 7, 0, 0, 0
8:	0xb7, 0, 0, 0, 6
9:	0x1d, 7, 0, 4, 0
10:	0xb7, 0, 0, 0, 17
11:	0x1d, 7, 0, 4, 0
12:	0xb7, 0, 0, 0, 2
13:	0x05, 0, 0, 5, 0
14:	0xb7, 0, 0, 0, 1
15:	0x05, 0, 0, 3, 0
16:	0xb7, 0, 0, 0, 1
17:	0x05, 0, 0, 1, 0
18:	0x05, 0, 0, 0, 0
19:	0x95, 0, 0, 0, 0
