6/1024
0:	0x61, 8, 1, 0, 0
1:	0x61, 9, 1, 4, 0
2:	0xb7, 0, 0, 0, 1
3:	0xb7, 0, 0, 0, 1
4:	0x05, 0, 0, 0, 0
5:	0x95, 0, 0, 0, 0
